D:\Dev\Anaconda3\python.exe: can't open file 'C:\\Users\\HP\\Desktop\\MoSim\\Scripts\\tests\\test_lqr_baseline_attitude_tracking.py': [Errno 2] No such file or directory
