// Vitest Snapshot v1, https://vitest.dev/guide/snapshot.html

exports[`Threejs Utils > should get the reference docs list as markdown 1`] = `
"




      # AudioContext
      # Documentation

Content for the requested page.

      # api/en/constants/BufferAttributeUsage
      # Documentation

Content for the requested page.

      # Debugging JavaScript
      # Documentation

Content for the requested page.

      # en/tips#preservedrawingbuffer
      # Documentation

Content for the requested page.
      "
`;
